// Jest Snapshot v1, https://goo.gl/fbAQLP

exports[`Example Loader Tests: Fixture: simple-file loader prepends correct information 1`] = `
Array [
  "
  /**
   * Resource Location: /mnt/c/Users/selarkin/Code/example-webpack-loader/test/fixtures/simple-file.js?
   * Loaders chainded to module: [{\\"path\\":\\"/mnt/c/Users/selarkin/Code/example-webpack-loader/dist/index.js\\",\\"query\\":\\"\\",\\"data\\":null,\\"pitchExecuted\\":true,\\"normalExecuted\\":true,\\"request\\":\\"/mnt/c/Users/selarkin/Code/example-webpack-loader/dist/index.js\\"}]
   * Loader API Version: undefined
   * Is this in \\"webpack mode\\": undefined
   * This is the users request for the module: /mnt/c/Users/selarkin/Code/example-webpack-loader/dist/index.js!/mnt/c/Users/selarkin/Code/example-webpack-loader/test/fixtures/simple-file.js?
   */

  /**
   * Original Source From Loader
   */

  import foo from \\"./foo\\"; // eslint-disable-line

console.log(foo);
",
]
`;
